// Jest Snapshot v1, https://goo.gl/fbAQLP

exports[`<Main /> should render component and validate snapshot 1`] = `
.c0 {
  background-color: #fafafb;
  color: #4a4a4a;
  width: 100%;
  height: 100%;
  padding: 3rem;
  text-align: center;
  display: -webkit-box;
  display: -webkit-flex;
  display: -ms-flexbox;
  display: flex;
  -webkit-flex-direction: column;
  -ms-flex-direction: column;
  flex-direction: column;
  -webkit-align-items: center;
  -webkit-box-align: center;
  -ms-flex-align: center;
  align-items: center;
  -webkit-box-pack: center;
  -webkit-justify-content: center;
  -ms-flex-pack: center;
  justify-content: center;
}

.c2 {
  color: #4a4a4a;
  font-size: 2.5rem;
}

.c3 {
  color: #797979;
  font-size: 2rem;
  font-weight: 400;
}

.c1 {
  margin-bottom: 3rem;
  width: min(10rem,100%);
}

<main
  class="c0"
>
  <img
    alt="Um desenvolvedor de frente para uma tela com cÃ³digo."
    class="c1"
    src="/img/react-atom-icon.svg"
  />
  <h1
    class="c2"
  >
    React Boilerplate
  </h1>
  <h2
    class="c3"
  >
    TypeScript, ReactJS, NextJS e Styled Components
  </h2>
</main>
`;
